Low roadload combined: 0.000422223
Mid roadload combined: missing
High roadload combined: 0.000798758

